// Jest Snapshot v1, https://goo.gl/fbAQLP

exports[`Header should render as expected 1`] = `
<header>
  <div
    className="container header-container"
  >
    <h1>
      Matt Smrke
    </h1>
    <nav>
      <ul />
    </nav>
  </div>
</header>
`;
